// Jest Snapshot v1, https://goo.gl/fbAQLP

exports[`TextFieldLabel Renders 1`] = `
<View
  onLayout={[Function]}
  pointerEvents="none"
  style={
    Object {
      "marginLeft": 0,
      "position": "absolute",
      "zIndex": 10,
    }
  }
  useNativeDriver={true}
>
  <Text
    style={
      Object {
        "backgroundColor": "transparent",
        "color": "rgba(0, 0, 0, 0.54)",
        "fontSize": 16,
        "lineHeight": 16,
        "paddingHorizontal": 0,
        "transform": Array [
          Object {
            "translateY": 16,
          },
          Object {
            "translateX": 12,
          },
        ],
      }
    }
    useNativeDriver={true}
  />
</View>
`;
